
> pdwa@0.0.0 build
> vite build

node.exe : "vite" no se reconoce como un comando interno o externo,
En línea: 1 Carácter: 1
+ & "C:\Program Files\nodejs/node.exe" "C:\Program Files\nodejs/node_mo ...
+ ~~~~~~~~~~~~~~~~~~~~~~~~~~~~~~~~~~~~~~~~~~~~~~~~~~~~~~~~~~~~~~~~~~~~~
    + CategoryInfo          : NotSpecified: ("vite" no se re...erno o externo, 
   :String) [], RemoteException
    + FullyQualifiedErrorId : NativeCommandError
 
programa o archivo por lotes ejecutable.
